// Jest Snapshot v1, https://goo.gl/fbAQLP

exports[`CalculatorInput should render correctly 1`] = `
<div
  className="Calculator"
>
  <ResultDisplay
    displayValue="0"
  />
  <CalculatorInput
    onInput={[Function]}
  />
</div>
`;

exports[`CalculatorInput should show a value of \`9\` in the display 1`] = `
<Calculator>
  <div
    className="Calculator"
  >
    <ResultDisplay
      displayValue="9"
    >
      <div
        className="ResultDisplay"
      >
        9
      </div>
    </ResultDisplay>
    <CalculatorInput
      onInput={[Function]}
    >
      <div
        className="CalculatorInput"
      >
        <div
          className="top-panel"
        >
          <Button
            key="+"
            onClick={[Function]}
            value="+"
          >
            <div
              className="Button"
              onClick={[Function]}
            >
              +
            </div>
          </Button>
          <Button
            key="-"
            onClick={[Function]}
            value="-"
          >
            <div
              className="Button"
              onClick={[Function]}
            >
              -
            </div>
          </Button>
          <Button
            key="×"
            onClick={[Function]}
            value="×"
          >
            <div
              className="Button"
              onClick={[Function]}
            >
              ×
            </div>
          </Button>
          <Button
            key="÷"
            onClick={[Function]}
            value="÷"
          >
            <div
              className="Button"
              onClick={[Function]}
            >
              ÷
            </div>
          </Button>
        </div>
        <div
          className="centre-panel"
        >
          <Button
            key="9"
            onClick={[Function]}
            value="9"
          >
            <div
              className="Button"
              onClick={[Function]}
            >
              9
            </div>
          </Button>
          <Button
            key="8"
            onClick={[Function]}
            value="8"
          >
            <div
              className="Button"
              onClick={[Function]}
            >
              8
            </div>
          </Button>
          <Button
            key="7"
            onClick={[Function]}
            value="7"
          >
            <div
              className="Button"
              onClick={[Function]}
            >
              7
            </div>
          </Button>
          <Button
            key="6"
            onClick={[Function]}
            value="6"
          >
            <div
              className="Button"
              onClick={[Function]}
            >
              6
            </div>
          </Button>
          <Button
            key="5"
            onClick={[Function]}
            value="5"
          >
            <div
              className="Button"
              onClick={[Function]}
            >
              5
            </div>
          </Button>
          <Button
            key="4"
            onClick={[Function]}
            value="4"
          >
            <div
              className="Button"
              onClick={[Function]}
            >
              4
            </div>
          </Button>
          <Button
            key="3"
            onClick={[Function]}
            value="3"
          >
            <div
              className="Button"
              onClick={[Function]}
            >
              3
            </div>
          </Button>
          <Button
            key="2"
            onClick={[Function]}
            value="2"
          >
            <div
              className="Button"
              onClick={[Function]}
            >
              2
            </div>
          </Button>
          <Button
            key="1"
            onClick={[Function]}
            value="1"
          >
            <div
              className="Button"
              onClick={[Function]}
            >
              1
            </div>
          </Button>
          <Button
            key="0"
            onClick={[Function]}
            value="0"
          >
            <div
              className="Button"
              onClick={[Function]}
            >
              0
            </div>
          </Button>
          <Button
            key="."
            onClick={[Function]}
            value="."
          >
            <div
              className="Button"
              onClick={[Function]}
            >
              .
            </div>
          </Button>
          <Button
            key="C"
            onClick={[Function]}
            value="C"
          >
            <div
              className="Button"
              onClick={[Function]}
            >
              C
            </div>
          </Button>
        </div>
        <div
          className="bottom-panel"
          id="result"
        >
          <Button
            onClick={[Function]}
            value="="
          >
            <div
              className="Button"
              onClick={[Function]}
            >
              =
            </div>
          </Button>
        </div>
      </div>
    </CalculatorInput>
  </div>
</Calculator>
`;
