// Jest Snapshot v1, https://goo.gl/fbAQLP

exports[`CalculatorInput should render correctly 1`] = `
<div
  className="CalculatorInput"
>
  <div
    className="top-panel"
  >
    <Button
      key="+"
      onClick={[Function]}
      value="+"
    />
    <Button
      key="-"
      onClick={[Function]}
      value="-"
    />
    <Button
      key="×"
      onClick={[Function]}
      value="×"
    />
    <Button
      key="÷"
      onClick={[Function]}
      value="÷"
    />
  </div>
  <div
    className="centre-panel"
  >
    <Button
      key="9"
      onClick={[Function]}
      value="9"
    />
    <Button
      key="8"
      onClick={[Function]}
      value="8"
    />
    <Button
      key="7"
      onClick={[Function]}
      value="7"
    />
    <Button
      key="6"
      onClick={[Function]}
      value="6"
    />
    <Button
      key="5"
      onClick={[Function]}
      value="5"
    />
    <Button
      key="4"
      onClick={[Function]}
      value="4"
    />
    <Button
      key="3"
      onClick={[Function]}
      value="3"
    />
    <Button
      key="2"
      onClick={[Function]}
      value="2"
    />
    <Button
      key="1"
      onClick={[Function]}
      value="1"
    />
    <Button
      key="0"
      onClick={[Function]}
      value="0"
    />
    <Button
      key="."
      onClick={[Function]}
      value="."
    />
    <Button
      key="C"
      onClick={[Function]}
      value="C"
    />
  </div>
  <div
    className="bottom-panel"
    id="result"
  >
    <Button
      onClick={[Function]}
      value="="
    />
  </div>
</div>
`;
